alt AddClassAlternate("gled::HPoint<double>","gled::HPoint<Double_t>")
alt AddClassAlternate("gled::HPoint<float>","gled::HPoint<Float_t>")
alt AddClassAlternate("gled::HTrans<double>","gled::HTrans<Double_t>")
alt AddClassAlternate("gled::HTrans<float>","gled::HTrans<Float_t>")
alt AddClassAlternate("gled::ODEStorageT<double>","gled::ODEStorageT<Double_t>")
alt AddClassAlternate("gled::ODEStorageT<float>","gled::ODEStorageT<Float_t>")
alt AddClassAlternate("gled::SDesireVar<double>","gled::SDesireVar<Double_t>")
alt AddClassAlternate("gled::SDesireVar<float>","gled::SDesireVar<Float_t>")
alt AddClassAlternate("gled::SExpDesireVar<double>","gled::SExpDesireVar<Double_t>")
alt AddClassAlternate("gled::SExpDesireVar<float>","gled::SExpDesireVar<Float_t>")
alt AddClassAlternate("gled::SInertVar<double>","gled::SInertVar<Double_t>")
alt AddClassAlternate("gled::SInertVar<float>","gled::SInertVar<Float_t>")
alt AddClassAlternate("gled::SMinMaxVar<double>","gled::SMinMaxVar<Double_t>")
alt AddClassAlternate("gled::SMinMaxVar<float>","gled::SMinMaxVar<Float_t>")
alt AddClassAlternate("list<gled::Amphitheatre::Chair>","std::__cxx11::list<gled::Amphitheatre::Chair, std::allocator<gled::Amphitheatre::Chair> >")
alt AddClassAlternate("list<gled::WSTube::Traveler>","std::__cxx11::list<gled::WSTube::Traveler, std::allocator<gled::WSTube::Traveler> >")
alt AddClassAlternate("list<gled::ZGlass*>","std::__cxx11::list<gled::ZGlass*, std::allocator<gled::ZGlass*> >")
alt AddClassAlternate("list<unsigned int>","std::__cxx11::list<unsigned int, std::allocator<unsigned int> >")
alt AddClassAlternate("map<TString,gled::ZGlass*>","std::map<TString, gled::ZGlass*, std::less<TString>, std::allocator<std::pair<TString const, gled::ZGlass*> > >")
alt AddClassAlternate("map<int,gled::TringuCam::KeyInfo*>","std::map<int, gled::TringuCam::KeyInfo*, std::less<int>, std::allocator<std::pair<int const, gled::TringuCam::KeyInfo*> > >")
alt AddClassAlternate("map<unsigned int,gled::ZGlass*>","std::map<unsigned int, gled::ZGlass*, std::less<unsigned int>, std::allocator<std::pair<unsigned int const, gled::ZGlass*> > >")
alt AddClassAlternate("set<TString>","std::set<TString, std::less<TString>, std::allocator<TString> >")
alt AddClassAlternate("set<unsigned short>","std::set<unsigned short, std::less<unsigned short>, std::allocator<unsigned short> >")
alt AddClassAlternate("vector<double>","std::vector<double, std::allocator<double> >")
alt AddClassAlternate("vector<float>","std::vector<float, std::allocator<float> >")
alt AddClassAlternate("vector<gled::EyeInfo*>","std::vector<gled::EyeInfo*, std::allocator<gled::EyeInfo*> >")
alt AddClassAlternate("vector<gled::ZColorMark>","std::vector<gled::ZColorMark, std::allocator<gled::ZColorMark> >")
alt AddClassAlternate("vector<gled::ZGlass*>","std::vector<gled::ZGlass*, std::allocator<gled::ZGlass*> >")
alt AddClassAlternate("vector<int>","std::vector<int, std::allocator<int> >")
alt AddClassAlternate("vector<unsigned char>","std::vector<unsigned char, std::allocator<unsigned char> >")
alt RecordReadRules
class gled::AList ver=::gled::AList::Class_Version() SetDelete SetDeleteArray SetDestructor SetStreamerFunc
class gled::AList::ElRep ver="Glasses/AList.h" SetDelete SetDeleteArray SetDestructor SetNew SetNewArray
class gled::Airplane ver=::gled::Airplane::Class_Version() SetDelete SetDeleteArray SetDestructor SetNew SetNewArray
class gled::AlBuffer ver=::gled::AlBuffer::Class_Version() SetDelete SetDeleteArray SetDestructor SetNew SetNewArray
class gled::AlContext ver=::gled::AlContext::Class_Version() SetDelete SetDeleteArray SetDestructor SetNew SetNewArray
class gled::AlListener ver=::gled::AlListener::Class_Version() SetDelete SetDeleteArray SetDestructor SetNew SetNewArray
class gled::AlSource ver=::gled::AlSource::Class_Version() SetDelete SetDeleteArray SetDestructor SetNew SetNewArray
class gled::Amphitheatre ver=::gled::Amphitheatre::Class_Version() SetDelete SetDeleteArray SetDestructor SetNew SetNewArray
class gled::An_ID_Demangler ver=::gled::An_ID_Demangler::Class_Version() SetDelete SetDeleteArray SetDestructor
class gled::Board ver=::gled::Board::Class_Version() SetDelete SetDeleteArray SetDestructor SetNew SetNewArray
class gled::Box ver=::gled::Box::Class_Version() SetDelete SetDeleteArray SetDestructor SetNew SetNewArray
class gled::Camera ver=::gled::Camera::Class_Version() SetDelete SetDeleteArray SetDestructor SetNew SetNewArray
class gled::CameraInfo ver=::gled::CameraInfo::Class_Version() SetDelete SetDeleteArray SetDestructor SetNew SetNewArray
class gled::Chopper ver=::gled::Chopper::Class_Version() SetDelete SetDeleteArray SetDestructor SetNew SetNewArray
class gled::CosmicBall ver=::gled::CosmicBall::Class_Version() SetDelete SetDeleteArray SetDestructor SetNew SetNewArray
class gled::Crawler ver=::gled::Crawler::Class_Version() SetDelete SetDeleteArray SetDestructor SetNew SetNewArray
class gled::CrawlerSpiritio ver=::gled::CrawlerSpiritio::Class_Version() SetDelete SetDeleteArray SetDestructor SetNew SetNewArray
class gled::Cylinder ver=::gled::Cylinder::Class_Version() SetDelete SetDeleteArray SetDestructor SetNew SetNewArray
class gled::Dynamico ver=::gled::Dynamico::Class_Version() SetDelete SetDeleteArray SetDestructor SetNew SetNewArray
class gled::Eventor ver=::gled::Eventor::Class_Version() SetDelete SetDeleteArray SetDestructor SetNew SetNewArray
class gled::Exc_t ver=::gled::Exc_t::Class_Version() SetDelete SetDeleteArray SetDestructor SetNew SetNewArray
class gled::Explosion ver=::gled::Explosion::Class_Version() SetDelete SetDeleteArray SetDestructor SetNew SetNewArray
class gled::Extendio ver=::gled::Extendio::Class_Version() SetDelete SetDeleteArray SetDestructor
class gled::ExtendioExplosion ver=::gled::ExtendioExplosion::Class_Version() SetDelete SetDeleteArray SetDestructor SetNew SetNewArray
class gled::ExtendioSpiritio ver=::gled::ExtendioSpiritio::Class_Version() SetDelete SetDeleteArray SetDestructor SetNew SetNewArray
class gled::EyeInfo ver=::gled::EyeInfo::Class_Version() SetDelete SetDeleteArray SetDestructor SetNew SetNewArray
class gled::EyeInfoVector ver=::gled::EyeInfoVector::Class_Version() SetDelete SetDeleteArray SetDestructor SetNew SetNewArray
class gled::FID_t ver=::gled::FID_t::Class_Version() SetDelete SetDeleteArray SetDestructor SetNew SetNewArray
class gled::FMID_t ver=::gled::FMID_t::Class_Version() SetDelete SetDeleteArray SetDestructor SetNew SetNewArray
class gled::Flyer ver=::gled::Flyer::Class_Version() SetDelete SetDeleteArray SetDestructor SetNew SetNewArray
class gled::FormulaMover ver=::gled::FormulaMover::Class_Version() SetDelete SetDeleteArray SetDestructor SetNew SetNewArray
class gled::GCondition ver=::gled::GCondition::Class_Version() SetDelete SetDeleteArray SetDestructor SetNew SetNewArray
class gled::GForger ver=::gled::GForger::Class_Version() SetDelete SetDeleteArray SetDestructor SetNew SetNewArray
class gled::GKeyRSA ver=::gled::GKeyRSA::Class_Version() SetDelete SetDeleteArray SetDestructor SetNew SetNewArray
class gled::GLTesterOne ver=::gled::GLTesterOne::Class_Version() SetDelete SetDeleteArray SetDestructor SetNew SetNewArray
class gled::GLensReadHolder ver=::gled::GLensReadHolder::Class_Version() SetDelete SetDeleteArray SetDestructor SetStreamerFunc
class gled::GLensWriteHolder ver=::gled::GLensWriteHolder::Class_Version() SetDelete SetDeleteArray SetDestructor SetStreamerFunc
class gled::GMutex ver=::gled::GMutex::Class_Version() SetDelete SetDeleteArray SetDestructor SetNew SetNewArray
class gled::GMutexAntiHolder ver=::gled::GMutexAntiHolder::Class_Version() SetDelete SetDeleteArray SetDestructor SetStreamerFunc
class gled::GMutexHolder ver=::gled::GMutexHolder::Class_Version() SetDelete SetDeleteArray SetDestructor SetStreamerFunc
class gled::GMutexHolderBase ver=::gled::GMutexHolderBase::Class_Version() SetDelete SetDeleteArray SetDestructor SetStreamerFunc
class gled::GSelector ver=::gled::GSelector::Class_Version() SetDelete SetDeleteArray SetDestructor SetNew SetNewArray
class gled::GSpinLock ver=::gled::GSpinLock::Class_Version() SetDelete SetDeleteArray SetDestructor SetNew SetNewArray
class gled::GTSIsoMaker ver=::gled::GTSIsoMaker::Class_Version() SetDelete SetDeleteArray SetDestructor SetNew SetNewArray
class gled::GTSIsoMakerFunctor ver=::gled::GTSIsoMakerFunctor::Class_Version() SetDelete SetDeleteArray SetDestructor
class gled::GTSRetriangulator ver=::gled::GTSRetriangulator::Class_Version() SetDelete SetDeleteArray SetDestructor SetNew SetNewArray
class gled::GTSTorus ver=::gled::GTSTorus::Class_Version() SetDelete SetDeleteArray SetDestructor SetNew SetNewArray
class gled::GTSurf ver=::gled::GTSurf::Class_Version() SetDelete SetDeleteArray SetDestructor SetNew SetNewArray
class gled::GThread ver=::gled::GThread::Class_Version() SetDelete SetDeleteArray SetDestructor
class gled::GTime ver=::gled::GTime::Class_Version() SetDelete SetDeleteArray SetDestructor SetNew SetNewArray
class gled::Gled ver=::gled::Gled::Class_Version() SetDelete SetDeleteArray SetDestructor SetNew SetNewArray
class gled::GledMonitor ver=::gled::GledMonitor::Class_Version() SetDelete SetDeleteArray SetDestructor SetNew SetNewArray
class gled::GledNS ver=0 /*version*/ 
class gled::GlobalLamps ver=::gled::GlobalLamps::Class_Version() SetDelete SetDeleteArray SetDestructor SetNew SetNewArray
class gled::GravData ver=::gled::GravData::Class_Version() SetDelete SetDeleteArray SetDestructor SetNew SetNewArray
class gled::GravPlotter ver=::gled::GravPlotter::Class_Version() SetDelete SetDeleteArray SetDestructor SetNew SetNewArray
class gled::GuiPupilInfo ver=::gled::GuiPupilInfo::Class_Version() SetDelete SetDeleteArray SetDestructor SetNew SetNewArray
class gled::HPoint<double> ver="Stones/HTrans.h" SetDelete SetDeleteArray SetDestructor SetNew SetNewArray
class gled::HPoint<float> ver="Stones/HTrans.h" SetDelete SetDeleteArray SetDestructor SetNew SetNewArray
class gled::HPointD ver=::gled::HPointD::Class_Version() SetDelete SetDeleteArray SetDestructor SetNew SetNewArray
class gled::HPointF ver=::gled::HPointF::Class_Version() SetDelete SetDeleteArray SetDestructor SetNew SetNewArray
class gled::HTrans<double> ver="Stones/HTrans.h" SetDelete SetDeleteArray SetDestructor SetNew SetNewArray
class gled::HTrans<float> ver="Stones/HTrans.h" SetDelete SetDeleteArray SetDestructor SetNew SetNewArray
class gled::HTransD ver=::gled::HTransD::Class_Version() SetDelete SetDeleteArray SetDestructor SetNew SetNewArray
class gled::HTransF ver=::gled::HTransF::Class_Version() SetDelete SetDeleteArray SetDestructor SetNew SetNewArray
class gled::HTriMesh ver=::gled::HTriMesh::Class_Version() SetDelete SetDeleteArray SetDestructor SetNew SetNewArray
class gled::KeyHandling ver=0 /*version*/ 
class gled::KeyHandling::KeyInfo ver=::gled::KeyHandling::KeyInfo::Class_Version() SetDelete SetDeleteArray SetDestructor
class gled::Lamp ver=::gled::Lamp::Class_Version() SetDelete SetDeleteArray SetDestructor SetNew SetNewArray
class gled::LampLink ver=::gled::LampLink::Class_Version() SetDelete SetDeleteArray SetDestructor SetNew SetNewArray
class gled::LandMark ver=::gled::LandMark::Class_Version() SetDelete SetDeleteArray SetDestructor SetNew SetNewArray
class gled::LaserTraceExplosion ver=::gled::LaserTraceExplosion::Class_Version() SetDelete SetDeleteArray SetDestructor SetNew SetNewArray
class gled::LegendreCoefs ver=::gled::LegendreCoefs::Class_Version() SetDelete SetDeleteArray SetDestructor SetNew SetNewArray
class gled::LocalMover ver=::gled::LocalMover::Class_Version() SetDelete SetDeleteArray SetDestructor SetNew SetNewArray
class gled::MD2Object ver=::gled::MD2Object::Class_Version() SetDelete SetDeleteArray SetDestructor SetNew SetNewArray
class gled::MIR_Priest ver=::gled::MIR_Priest::Class_Version() SetDelete SetDeleteArray SetDestructor
class gled::MetaSubViewInfo ver=::gled::MetaSubViewInfo::Class_Version() SetDelete SetDeleteArray SetDestructor SetNew SetNewArray
class gled::MetaViewInfo ver=::gled::MetaViewInfo::Class_Version() SetDelete SetDeleteArray SetDestructor SetNew SetNewArray
class gled::MetaWeedInfo ver=::gled::MetaWeedInfo::Class_Version() SetDelete SetDeleteArray SetDestructor SetNew SetNewArray
class gled::Moonraker ver=::gled::Moonraker::Class_Version() SetDelete SetDeleteArray SetDestructor SetNew SetNewArray
class gled::Mountain ver=::gled::Mountain::Class_Version() SetDelete SetDeleteArray SetDestructor
class gled::Mover ver=::gled::Mover::Class_Version() SetDelete SetDeleteArray SetDestructor SetNew SetNewArray
class gled::MultiBoard ver=::gled::MultiBoard::Class_Version() SetDelete SetDeleteArray SetDestructor SetNew SetNewArray
class gled::MultiSpheror ver=::gled::MultiSpheror::Class_Version() SetDelete SetDeleteArray SetDestructor SetNew SetNewArray
class gled::NestInfo ver=::gled::NestInfo::Class_Version() SetDelete SetDeleteArray SetDestructor SetNew SetNewArray
class gled::ODECrawler ver=::gled::ODECrawler::Class_Version() SetDelete SetDeleteArray SetDestructor SetNew SetNewArray
class gled::ODECrawlerMaster ver=::gled::ODECrawlerMaster::Class_Version() SetDelete SetDeleteArray SetDestructor
class gled::ODEStorage ver=::gled::ODEStorage::Class_Version() SetDelete SetDeleteArray SetDestructor
class gled::ODEStorageT<double> ver=::gled::ODEStorageT<double>::Class_Version() SetDelete SetDeleteArray SetDestructor
class gled::ODEStorageT<float> ver=::gled::ODEStorageT<float>::Class_Version() SetDelete SetDeleteArray SetDestructor
class gled::Operator ver=::gled::Operator::Class_Version() SetDelete SetDeleteArray SetDestructor SetNew SetNewArray
class gled::PSMark ver=::gled::PSMark::Class_Version() SetDelete SetDeleteArray SetDestructor SetNew SetNewArray
class gled::PSRectangle ver=::gled::PSRectangle::Class_Version() SetDelete SetDeleteArray SetDestructor SetNew SetNewArray
class gled::PSSphere ver=::gled::PSSphere::Class_Version() SetDelete SetDeleteArray SetDestructor SetNew SetNewArray
class gled::PSTorus ver=::gled::PSTorus::Class_Version() SetDelete SetDeleteArray SetDestructor SetNew SetNewArray
class gled::PSTriangle ver=::gled::PSTriangle::Class_Version() SetDelete SetDeleteArray SetDestructor SetNew SetNewArray
class gled::ParaSurf ver=::gled::ParaSurf::Class_Version() SetDelete SetDeleteArray SetDestructor
class gled::PerfMeterOperator ver=::gled::PerfMeterOperator::Class_Version() SetDelete SetDeleteArray SetDestructor SetNew SetNewArray
class gled::PerfMeterTarget ver=::gled::PerfMeterTarget::Class_Version() SetDelete SetDeleteArray SetDestructor SetNew SetNewArray
class gled::PipeEventor ver=::gled::PipeEventor::Class_Version() SetDelete SetDeleteArray SetDestructor SetNew SetNewArray
class gled::Planetes ver=::gled::Planetes::Class_Version() SetDelete SetDeleteArray SetDestructor SetNew SetNewArray
class gled::PupilInfo ver=::gled::PupilInfo::Class_Version() SetDelete SetDeleteArray SetDestructor SetNew SetNewArray
class gled::RGBAPalette ver=::gled::RGBAPalette::Class_Version() SetDelete SetDeleteArray SetDestructor SetNew SetNewArray
class gled::Rect ver=::gled::Rect::Class_Version() SetDelete SetDeleteArray SetDestructor SetNew SetNewArray
class gled::RectTerrain ver=::gled::RectTerrain::Class_Version() SetDelete SetDeleteArray SetDestructor SetNew SetNewArray
class gled::RelParticle ver=::gled::RelParticle::Class_Version() SetDelete SetDeleteArray SetDestructor SetNew SetNewArray
class gled::RndSMorphCreator ver=::gled::RndSMorphCreator::Class_Version() SetDelete SetDeleteArray SetDestructor SetNew SetNewArray
class gled::SDesireVar<double> ver=::gled::SDesireVar<double>::Class_Version() SetDelete SetDeleteArray SetDestructor SetNew SetNewArray
class gled::SDesireVar<float> ver=::gled::SDesireVar<float>::Class_Version() SetDelete SetDeleteArray SetDestructor SetNew SetNewArray
class gled::SEvTaskState ver=::gled::SEvTaskState::Class_Version() SetDelete SetDeleteArray SetDestructor SetNew SetNewArray
class gled::SExpDesireVar<double> ver=::gled::SExpDesireVar<double>::Class_Version() SetDelete SetDeleteArray SetDestructor SetNew SetNewArray
class gled::SExpDesireVar<float> ver=::gled::SExpDesireVar<float>::Class_Version() SetDelete SetDeleteArray SetDestructor SetNew SetNewArray
class gled::SGlUniform ver=::gled::SGlUniform::Class_Version() SetDelete SetDeleteArray SetDestructor SetNew SetNewArray
class gled::SGridStepper ver=::gled::SGridStepper::Class_Version() SetDelete SetDeleteArray SetDestructor SetNew SetNewArray
class gled::SInertVar<double> ver=::gled::SInertVar<double>::Class_Version() SetDelete SetDeleteArray SetDestructor SetNew SetNewArray
class gled::SInertVar<float> ver=::gled::SInertVar<float>::Class_Version() SetDelete SetDeleteArray SetDestructor SetNew SetNewArray
class gled::SMessage ver=::gled::SMessage::Class_Version() SetDelete SetDeleteArray SetDestructor SetNew SetNewArray
class gled::SMinMaxVar<double> ver=::gled::SMinMaxVar<double>::Class_Version() SetDelete SetDeleteArray SetDestructor SetNew SetNewArray
class gled::SMinMaxVar<float> ver=::gled::SMinMaxVar<float>::Class_Version() SetDelete SetDeleteArray SetDestructor SetNew SetNewArray
class gled::SMorph ver=::gled::SMorph::Class_Version() SetDelete SetDeleteArray SetDestructor SetNew SetNewArray
class gled::SRange ver=::gled::SRange::Class_Version() SetDelete SetDeleteArray SetDestructor SetNew SetNewArray
class gled::SRefCounted ver=::gled::SRefCounted::Class_Version() SetDelete SetDeleteArray SetDestructor SetNew SetNewArray
class gled::SRefCountedNV ver=::gled::SRefCountedNV::Class_Version() SetDelete SetDeleteArray SetDestructor SetNew SetNewArray
class gled::SServerSocket ver=::gled::SServerSocket::Class_Version() SetDelete SetDeleteArray SetDestructor
class gled::SSocket ver=::gled::SSocket::Class_Version() SetDelete SetDeleteArray SetDestructor SetNew SetNewArray
class gled::Saturn ver=::gled::Saturn::Class_Version() SetDelete SetDeleteArray SetDestructor SetNew SetNewArray
class gled::SaturnInfo ver=::gled::SaturnInfo::Class_Version() SetDelete SetDeleteArray SetDestructor SetNew SetNewArray
class gled::SaturnObserver ver=::gled::SaturnObserver::Class_Version() SetDelete SetDeleteArray SetDestructor SetNew SetNewArray
class gled::Scene ver=::gled::Scene::Class_Version() SetDelete SetDeleteArray SetDestructor SetNew SetNewArray
class gled::ScreenDumper ver=::gled::ScreenDumper::Class_Version() SetDelete SetDeleteArray SetDestructor SetNew SetNewArray
class gled::ScreenText ver=::gled::ScreenText::Class_Version() SetDelete SetDeleteArray SetDestructor SetNew SetNewArray
class gled::ShellInfo ver=::gled::ShellInfo::Class_Version() SetDelete SetDeleteArray SetDestructor SetNew SetNewArray
class gled::SigTestOperator ver=::gled::SigTestOperator::Class_Version() SetDelete SetDeleteArray SetDestructor SetNew SetNewArray
class gled::Sleeper ver=::gled::Sleeper::Class_Version() SetDelete SetDeleteArray SetDestructor SetNew SetNewArray
class gled::SolarSystem ver=::gled::SolarSystem::Class_Version() SetDelete SetDeleteArray SetDestructor SetNew SetNewArray
class gled::Sphere ver=::gled::Sphere::Class_Version() SetDelete SetDeleteArray SetDestructor SetNew SetNewArray
class gled::Spheror ver=::gled::Spheror::Class_Version() SetDelete SetDeleteArray SetDestructor SetNew SetNewArray
class gled::Spiritio ver=::gled::Spiritio::Class_Version() SetDelete SetDeleteArray SetDestructor
class gled::Statico ver=::gled::Statico::Class_Version() SetDelete SetDeleteArray SetDestructor SetNew SetNewArray
class gled::SubShellInfo ver=::gled::SubShellInfo::Class_Version() SetDelete SetDeleteArray SetDestructor SetNew SetNewArray
class gled::TRootXTReq ver=::gled::TRootXTReq::Class_Version() SetDelete SetDeleteArray SetDestructor
class gled::TSPupilInfo ver=::gled::TSPupilInfo::Class_Version() SetDelete SetDeleteArray SetDestructor SetNew SetNewArray
class gled::Text ver=::gled::Text::Class_Version() SetDelete SetDeleteArray SetDestructor SetNew SetNewArray
class gled::TimeMaker ver=::gled::TimeMaker::Class_Version() SetDelete SetDeleteArray SetDestructor SetNew SetNewArray
class gled::TimeMakerClient ver=::gled::TimeMakerClient::Class_Version() SetDelete SetDeleteArray SetDestructor
class gled::TimeScreenText ver=::gled::TimeScreenText::Class_Version() SetDelete SetDeleteArray SetDestructor SetNew SetNewArray
class gled::TriMesh ver=::gled::TriMesh::Class_Version() SetDelete SetDeleteArray SetDestructor SetNew SetNewArray
class gled::TriMeshColorArraySource ver=::gled::TriMeshColorArraySource::Class_Version() SetDelete SetDeleteArray SetDestructor
class gled::TriMeshField ver=::gled::TriMeshField::Class_Version() SetDelete SetDeleteArray SetDestructor SetNew SetNewArray
class gled::TriMeshLightField ver=::gled::TriMeshLightField::Class_Version() SetDelete SetDeleteArray SetDestructor SetNew SetNewArray
class gled::TringTvor ver=::gled::TringTvor::Class_Version() SetDelete SetDeleteArray SetDestructor SetNew SetNewArray
class gled::TringuCam ver=::gled::TringuCam::Class_Version() SetDelete SetDeleteArray SetDestructor SetNew SetNewArray
class gled::TringuObserver ver=::gled::TringuObserver::Class_Version() SetDelete SetDeleteArray SetDestructor SetNew SetNewArray
class gled::TringuObserverSpiritio ver=::gled::TringuObserverSpiritio::Class_Version() SetDelete SetDeleteArray SetDestructor SetNew SetNewArray
class gled::TringuRep ver=::gled::TringuRep::Class_Version() SetDelete SetDeleteArray SetDestructor SetNew SetNewArray
class gled::Tringula ver=::gled::Tringula::Class_Version() SetDelete SetDeleteArray SetDestructor SetNew SetNewArray
class gled::TringulaTester ver=::gled::TringulaTester::Class_Version() SetDelete SetDeleteArray SetDestructor SetNew SetNewArray
class gled::TubeTvor ver=::gled::TubeTvor::Class_Version() SetDelete SetDeleteArray SetDestructor SetNew SetNewArray
class gled::VelocityVar ver=::gled::VelocityVar::Class_Version() SetDelete SetDeleteArray SetDestructor SetNew SetNewArray
class gled::WGlButton ver=::gled::WGlButton::Class_Version() SetDelete SetDeleteArray SetDestructor SetNew SetNewArray
class gled::WGlDirectory ver=::gled::WGlDirectory::Class_Version() SetDelete SetDeleteArray SetDestructor SetNew SetNewArray
class gled::WGlFrameStyle ver=::gled::WGlFrameStyle::Class_Version() SetDelete SetDeleteArray SetDestructor SetNew SetNewArray
class gled::WGlValuator ver=::gled::WGlValuator::Class_Version() SetDelete SetDeleteArray SetDestructor SetNew SetNewArray
class gled::WGlWidget ver=::gled::WGlWidget::Class_Version() SetDelete SetDeleteArray SetDestructor SetNew SetNewArray
class gled::WSPoint ver=::gled::WSPoint::Class_Version() SetDelete SetDeleteArray SetDestructor SetNew SetNewArray
class gled::WSSeed ver=::gled::WSSeed::Class_Version() SetDelete SetDeleteArray SetDestructor SetNew SetNewArray
class gled::WSTube ver=::gled::WSTube::Class_Version() SetDelete SetDeleteArray SetDestructor SetNew SetNewArray
class gled::WSTube::Traveler ver=::gled::WSTube::Traveler::Class_Version() SetDelete SetDeleteArray SetDestructor SetNew SetNewArray
class gled::WSWalker ver=::gled::WSWalker::Class_Version() SetDelete SetDeleteArray SetDestructor SetNew SetNewArray
class gled::WarmAmoeba ver=::gled::WarmAmoeba::Class_Version() SetDelete SetDeleteArray SetDestructor SetNew SetNewArray
class gled::WarmAmoebaMaster ver=::gled::WarmAmoebaMaster::Class_Version() SetDelete SetDeleteArray SetDestructor SetStreamerFunc
class gled::XTReqCanvas ver="Gled/XTReqCanvas.h" SetDelete SetDeleteArray SetDestructor SetNew SetNewArray
class gled::ZColor ver=::gled::ZColor::Class_Version() SetDelete SetDeleteArray SetDestructor SetNew SetNewArray
class gled::ZColorMark ver=::gled::ZColorMark::Class_Version() SetDelete SetDeleteArray SetDestructor SetNew SetNewArray
class gled::ZComet ver=::gled::ZComet::Class_Version() SetDelete SetDeleteArray SetDestructor SetNew SetNewArray SetStreamerFunc
class gled::ZCometBag ver=::gled::ZCometBag::Class_Version() SetDelete SetDeleteArray SetDestructor SetNew SetNewArray
class gled::ZDeque ver=::gled::ZDeque::Class_Version() SetDelete SetDeleteArray SetDestructor SetNew SetNewArray SetStreamerFunc
class gled::ZEunuch ver=::gled::ZEunuch::Class_Version() SetDelete SetDeleteArray SetDestructor SetNew SetNewArray
class gled::ZFilterAggregator ver=::gled::ZFilterAggregator::Class_Version() SetDelete SetDeleteArray SetDestructor SetNew SetNewArray
class gled::ZFireKing ver=::gled::ZFireKing::Class_Version() SetDelete SetDeleteArray SetDestructor SetNew SetNewArray
class gled::ZFireQueen ver=::gled::ZFireQueen::Class_Version() SetDelete SetDeleteArray SetDestructor SetNew SetNewArray
class gled::ZGlBlending ver=::gled::ZGlBlending::Class_Version() SetDelete SetDeleteArray SetDestructor SetNew SetNewArray
class gled::ZGlClipPlane ver=::gled::ZGlClipPlane::Class_Version() SetDelete SetDeleteArray SetDestructor SetNew SetNewArray
class gled::ZGlColorFader ver=::gled::ZGlColorFader::Class_Version() SetDelete SetDeleteArray SetDestructor SetNew SetNewArray
class gled::ZGlLightModel ver=::gled::ZGlLightModel::Class_Version() SetDelete SetDeleteArray SetDestructor SetNew SetNewArray
class gled::ZGlMaterial ver=::gled::ZGlMaterial::Class_Version() SetDelete SetDeleteArray SetDestructor SetNew SetNewArray
class gled::ZGlPerspective ver=::gled::ZGlPerspective::Class_Version() SetDelete SetDeleteArray SetDestructor SetNew SetNewArray
class gled::ZGlProgram ver=::gled::ZGlProgram::Class_Version() SetDelete SetDeleteArray SetDestructor SetNew SetNewArray
class gled::ZGlShader ver=::gled::ZGlShader::Class_Version() SetDelete SetDeleteArray SetDestructor SetNew SetNewArray
class gled::ZGlass ver=::gled::ZGlass::Class_Version() SetDelete SetDeleteArray SetDestructor SetNew SetNewArray
class gled::ZGlass::NameChangeCB ver=::gled::ZGlass::NameChangeCB::Class_Version() SetDelete SetDeleteArray SetDestructor
class gled::ZGlass::RayAbsorber ver=::gled::ZGlass::RayAbsorber::Class_Version() SetDelete SetDeleteArray SetDestructor
class gled::ZGod ver=::gled::ZGod::Class_Version() SetDelete SetDeleteArray SetDestructor SetNew SetNewArray
class gled::ZGroupIdentity ver=::gled::ZGroupIdentity::Class_Version() SetDelete SetDeleteArray SetDestructor SetNew SetNewArray
class gled::ZHashList ver=::gled::ZHashList::Class_Version() SetDelete SetDeleteArray SetDestructor SetNew SetNewArray
class gled::ZHisto ver=::gled::ZHisto::Class_Version() SetDelete SetDeleteArray SetDestructor
class gled::ZHistoDir ver=::gled::ZHistoDir::Class_Version() SetDelete SetDeleteArray SetDestructor
class gled::ZHistoGroup ver=::gled::ZHistoGroup::Class_Version() SetDelete SetDeleteArray SetDestructor
class gled::ZHistoManager ver=::gled::ZHistoManager::Class_Version() SetDelete SetDeleteArray SetDestructor SetResetAfterMerge
class gled::ZIdentity ver=::gled::ZIdentity::Class_Version() SetDelete SetDeleteArray SetDestructor SetNew SetNewArray
class gled::ZIdentityFilter ver=::gled::ZIdentityFilter::Class_Version() SetDelete SetDeleteArray SetDestructor SetNew SetNewArray
class gled::ZIdentityListFilter ver=::gled::ZIdentityListFilter::Class_Version() SetDelete SetDeleteArray SetDestructor SetNew SetNewArray
class gled::ZImage ver=::gled::ZImage::Class_Version() SetDelete SetDeleteArray SetDestructor SetNew SetNewArray
class gled::ZKing ver=::gled::ZKing::Class_Version() SetDelete SetDeleteArray SetDestructor SetNew SetNewArray
class gled::ZLink<gled::AList> ver=::gled::ZLink<gled::AList>::Class_Version() SetDelete SetDeleteArray SetDestructor SetNew SetNewArray SetStreamerFunc
class gled::ZLink<gled::Airplane> ver=::gled::ZLink<gled::Airplane>::Class_Version() SetDelete SetDeleteArray SetDestructor SetNew SetNewArray SetStreamerFunc
class gled::ZLink<gled::AlBuffer> ver=::gled::ZLink<gled::AlBuffer>::Class_Version() SetDelete SetDeleteArray SetDestructor SetNew SetNewArray SetStreamerFunc
class gled::ZLink<gled::AlContext> ver=::gled::ZLink<gled::AlContext>::Class_Version() SetDelete SetDeleteArray SetDestructor SetNew SetNewArray SetStreamerFunc
class gled::ZLink<gled::AlListener> ver=::gled::ZLink<gled::AlListener>::Class_Version() SetDelete SetDeleteArray SetDestructor SetNew SetNewArray SetStreamerFunc
class gled::ZLink<gled::AlSource> ver=::gled::ZLink<gled::AlSource>::Class_Version() SetDelete SetDeleteArray SetDestructor SetNew SetNewArray SetStreamerFunc
class gled::ZLink<gled::Amphitheatre> ver=::gled::ZLink<gled::Amphitheatre>::Class_Version() SetDelete SetDeleteArray SetDestructor SetNew SetNewArray SetStreamerFunc
class gled::ZLink<gled::Board> ver=::gled::ZLink<gled::Board>::Class_Version() SetDelete SetDeleteArray SetDestructor SetNew SetNewArray SetStreamerFunc
class gled::ZLink<gled::Box> ver=::gled::ZLink<gled::Box>::Class_Version() SetDelete SetDeleteArray SetDestructor SetNew SetNewArray SetStreamerFunc
class gled::ZLink<gled::Camera> ver=::gled::ZLink<gled::Camera>::Class_Version() SetDelete SetDeleteArray SetDestructor SetNew SetNewArray SetStreamerFunc
class gled::ZLink<gled::CameraInfo> ver=::gled::ZLink<gled::CameraInfo>::Class_Version() SetDelete SetDeleteArray SetDestructor SetNew SetNewArray SetStreamerFunc
class gled::ZLink<gled::Chopper> ver=::gled::ZLink<gled::Chopper>::Class_Version() SetDelete SetDeleteArray SetDestructor SetNew SetNewArray SetStreamerFunc
class gled::ZLink<gled::CosmicBall> ver=::gled::ZLink<gled::CosmicBall>::Class_Version() SetDelete SetDeleteArray SetDestructor SetNew SetNewArray SetStreamerFunc
class gled::ZLink<gled::Crawler> ver=::gled::ZLink<gled::Crawler>::Class_Version() SetDelete SetDeleteArray SetDestructor SetNew SetNewArray SetStreamerFunc
class gled::ZLink<gled::CrawlerSpiritio> ver=::gled::ZLink<gled::CrawlerSpiritio>::Class_Version() SetDelete SetDeleteArray SetDestructor SetNew SetNewArray SetStreamerFunc
class gled::ZLink<gled::Cylinder> ver=::gled::ZLink<gled::Cylinder>::Class_Version() SetDelete SetDeleteArray SetDestructor SetNew SetNewArray SetStreamerFunc
class gled::ZLink<gled::Dynamico> ver=::gled::ZLink<gled::Dynamico>::Class_Version() SetDelete SetDeleteArray SetDestructor SetNew SetNewArray SetStreamerFunc
class gled::ZLink<gled::Eventor> ver=::gled::ZLink<gled::Eventor>::Class_Version() SetDelete SetDeleteArray SetDestructor SetNew SetNewArray SetStreamerFunc
class gled::ZLink<gled::Explosion> ver=::gled::ZLink<gled::Explosion>::Class_Version() SetDelete SetDeleteArray SetDestructor SetNew SetNewArray SetStreamerFunc
class gled::ZLink<gled::Extendio> ver=::gled::ZLink<gled::Extendio>::Class_Version() SetDelete SetDeleteArray SetDestructor SetNew SetNewArray SetStreamerFunc
class gled::ZLink<gled::ExtendioExplosion> ver=::gled::ZLink<gled::ExtendioExplosion>::Class_Version() SetDelete SetDeleteArray SetDestructor SetNew SetNewArray SetStreamerFunc
class gled::ZLink<gled::ExtendioSpiritio> ver=::gled::ZLink<gled::ExtendioSpiritio>::Class_Version() SetDelete SetDeleteArray SetDestructor SetNew SetNewArray SetStreamerFunc
class gled::ZLink<gled::EyeInfo> ver=::gled::ZLink<gled::EyeInfo>::Class_Version() SetDelete SetDeleteArray SetDestructor SetNew SetNewArray SetStreamerFunc
class gled::ZLink<gled::Flyer> ver=::gled::ZLink<gled::Flyer>::Class_Version() SetDelete SetDeleteArray SetDestructor SetNew SetNewArray SetStreamerFunc
class gled::ZLink<gled::FormulaMover> ver=::gled::ZLink<gled::FormulaMover>::Class_Version() SetDelete SetDeleteArray SetDestructor SetNew SetNewArray SetStreamerFunc
class gled::ZLink<gled::GForger> ver=::gled::ZLink<gled::GForger>::Class_Version() SetDelete SetDeleteArray SetDestructor SetNew SetNewArray SetStreamerFunc
class gled::ZLink<gled::GLTesterOne> ver=::gled::ZLink<gled::GLTesterOne>::Class_Version() SetDelete SetDeleteArray SetDestructor SetNew SetNewArray SetStreamerFunc
class gled::ZLink<gled::GTSIsoMaker> ver=::gled::ZLink<gled::GTSIsoMaker>::Class_Version() SetDelete SetDeleteArray SetDestructor SetNew SetNewArray SetStreamerFunc
class gled::ZLink<gled::GTSRetriangulator> ver=::gled::ZLink<gled::GTSRetriangulator>::Class_Version() SetDelete SetDeleteArray SetDestructor SetNew SetNewArray SetStreamerFunc
class gled::ZLink<gled::GTSTorus> ver=::gled::ZLink<gled::GTSTorus>::Class_Version() SetDelete SetDeleteArray SetDestructor SetNew SetNewArray SetStreamerFunc
class gled::ZLink<gled::GTSurf> ver=::gled::ZLink<gled::GTSurf>::Class_Version() SetDelete SetDeleteArray SetDestructor SetNew SetNewArray SetStreamerFunc
class gled::ZLink<gled::GledMonitor> ver=::gled::ZLink<gled::GledMonitor>::Class_Version() SetDelete SetDeleteArray SetDestructor SetNew SetNewArray SetStreamerFunc
class gled::ZLink<gled::GlobalLamps> ver=::gled::ZLink<gled::GlobalLamps>::Class_Version() SetDelete SetDeleteArray SetDestructor SetNew SetNewArray SetStreamerFunc
class gled::ZLink<gled::GuiPupilInfo> ver=::gled::ZLink<gled::GuiPupilInfo>::Class_Version() SetDelete SetDeleteArray SetDestructor SetNew SetNewArray SetStreamerFunc
class gled::ZLink<gled::HTriMesh> ver=::gled::ZLink<gled::HTriMesh>::Class_Version() SetDelete SetDeleteArray SetDestructor SetNew SetNewArray SetStreamerFunc
class gled::ZLink<gled::Lamp> ver=::gled::ZLink<gled::Lamp>::Class_Version() SetDelete SetDeleteArray SetDestructor SetNew SetNewArray SetStreamerFunc
class gled::ZLink<gled::LampLink> ver=::gled::ZLink<gled::LampLink>::Class_Version() SetDelete SetDeleteArray SetDestructor SetNew SetNewArray SetStreamerFunc
class gled::ZLink<gled::LandMark> ver=::gled::ZLink<gled::LandMark>::Class_Version() SetDelete SetDeleteArray SetDestructor SetNew SetNewArray SetStreamerFunc
class gled::ZLink<gled::LaserTraceExplosion> ver=::gled::ZLink<gled::LaserTraceExplosion>::Class_Version() SetDelete SetDeleteArray SetDestructor SetNew SetNewArray SetStreamerFunc
class gled::ZLink<gled::LegendreCoefs> ver=::gled::ZLink<gled::LegendreCoefs>::Class_Version() SetDelete SetDeleteArray SetDestructor SetNew SetNewArray SetStreamerFunc
class gled::ZLink<gled::LocalMover> ver=::gled::ZLink<gled::LocalMover>::Class_Version() SetDelete SetDeleteArray SetDestructor SetNew SetNewArray SetStreamerFunc
class gled::ZLink<gled::MD2Object> ver=::gled::ZLink<gled::MD2Object>::Class_Version() SetDelete SetDeleteArray SetDestructor SetNew SetNewArray SetStreamerFunc
class gled::ZLink<gled::MetaSubViewInfo> ver=::gled::ZLink<gled::MetaSubViewInfo>::Class_Version() SetDelete SetDeleteArray SetDestructor SetNew SetNewArray SetStreamerFunc
class gled::ZLink<gled::MetaViewInfo> ver=::gled::ZLink<gled::MetaViewInfo>::Class_Version() SetDelete SetDeleteArray SetDestructor SetNew SetNewArray SetStreamerFunc
class gled::ZLink<gled::MetaWeedInfo> ver=::gled::ZLink<gled::MetaWeedInfo>::Class_Version() SetDelete SetDeleteArray SetDestructor SetNew SetNewArray SetStreamerFunc
class gled::ZLink<gled::Moonraker> ver=::gled::ZLink<gled::Moonraker>::Class_Version() SetDelete SetDeleteArray SetDestructor SetNew SetNewArray SetStreamerFunc
class gled::ZLink<gled::Mover> ver=::gled::ZLink<gled::Mover>::Class_Version() SetDelete SetDeleteArray SetDestructor SetNew SetNewArray SetStreamerFunc
class gled::ZLink<gled::MultiBoard> ver=::gled::ZLink<gled::MultiBoard>::Class_Version() SetDelete SetDeleteArray SetDestructor SetNew SetNewArray SetStreamerFunc
class gled::ZLink<gled::MultiSpheror> ver=::gled::ZLink<gled::MultiSpheror>::Class_Version() SetDelete SetDeleteArray SetDestructor SetNew SetNewArray SetStreamerFunc
class gled::ZLink<gled::NestInfo> ver=::gled::ZLink<gled::NestInfo>::Class_Version() SetDelete SetDeleteArray SetDestructor SetNew SetNewArray SetStreamerFunc
class gled::ZLink<gled::ODECrawler> ver=::gled::ZLink<gled::ODECrawler>::Class_Version() SetDelete SetDeleteArray SetDestructor SetNew SetNewArray SetStreamerFunc
class gled::ZLink<gled::Operator> ver=::gled::ZLink<gled::Operator>::Class_Version() SetDelete SetDeleteArray SetDestructor SetNew SetNewArray SetStreamerFunc
class gled::ZLink<gled::PSMark> ver=::gled::ZLink<gled::PSMark>::Class_Version() SetDelete SetDeleteArray SetDestructor SetNew SetNewArray SetStreamerFunc
class gled::ZLink<gled::PSRectangle> ver=::gled::ZLink<gled::PSRectangle>::Class_Version() SetDelete SetDeleteArray SetDestructor SetNew SetNewArray SetStreamerFunc
class gled::ZLink<gled::PSSphere> ver=::gled::ZLink<gled::PSSphere>::Class_Version() SetDelete SetDeleteArray SetDestructor SetNew SetNewArray SetStreamerFunc
class gled::ZLink<gled::PSTorus> ver=::gled::ZLink<gled::PSTorus>::Class_Version() SetDelete SetDeleteArray SetDestructor SetNew SetNewArray SetStreamerFunc
class gled::ZLink<gled::PSTriangle> ver=::gled::ZLink<gled::PSTriangle>::Class_Version() SetDelete SetDeleteArray SetDestructor SetNew SetNewArray SetStreamerFunc
class gled::ZLink<gled::ParaSurf> ver=::gled::ZLink<gled::ParaSurf>::Class_Version() SetDelete SetDeleteArray SetDestructor SetNew SetNewArray SetStreamerFunc
class gled::ZLink<gled::PerfMeterOperator> ver=::gled::ZLink<gled::PerfMeterOperator>::Class_Version() SetDelete SetDeleteArray SetDestructor SetNew SetNewArray SetStreamerFunc
class gled::ZLink<gled::PerfMeterTarget> ver=::gled::ZLink<gled::PerfMeterTarget>::Class_Version() SetDelete SetDeleteArray SetDestructor SetNew SetNewArray SetStreamerFunc
class gled::ZLink<gled::PipeEventor> ver=::gled::ZLink<gled::PipeEventor>::Class_Version() SetDelete SetDeleteArray SetDestructor SetNew SetNewArray SetStreamerFunc
class gled::ZLink<gled::Planetes> ver=::gled::ZLink<gled::Planetes>::Class_Version() SetDelete SetDeleteArray SetDestructor SetNew SetNewArray SetStreamerFunc
class gled::ZLink<gled::PupilInfo> ver=::gled::ZLink<gled::PupilInfo>::Class_Version() SetDelete SetDeleteArray SetDestructor SetNew SetNewArray SetStreamerFunc
class gled::ZLink<gled::RGBAPalette> ver=::gled::ZLink<gled::RGBAPalette>::Class_Version() SetDelete SetDeleteArray SetDestructor SetNew SetNewArray SetStreamerFunc
class gled::ZLink<gled::Rect> ver=::gled::ZLink<gled::Rect>::Class_Version() SetDelete SetDeleteArray SetDestructor SetNew SetNewArray SetStreamerFunc
class gled::ZLink<gled::RectTerrain> ver=::gled::ZLink<gled::RectTerrain>::Class_Version() SetDelete SetDeleteArray SetDestructor SetNew SetNewArray SetStreamerFunc
class gled::ZLink<gled::RelParticle> ver=::gled::ZLink<gled::RelParticle>::Class_Version() SetDelete SetDeleteArray SetDestructor SetNew SetNewArray SetStreamerFunc
class gled::ZLink<gled::RndSMorphCreator> ver=::gled::ZLink<gled::RndSMorphCreator>::Class_Version() SetDelete SetDeleteArray SetDestructor SetNew SetNewArray SetStreamerFunc
class gled::ZLink<gled::SMorph> ver=::gled::ZLink<gled::SMorph>::Class_Version() SetDelete SetDeleteArray SetDestructor SetNew SetNewArray SetStreamerFunc
class gled::ZLink<gled::SaturnInfo> ver=::gled::ZLink<gled::SaturnInfo>::Class_Version() SetDelete SetDeleteArray SetDestructor SetNew SetNewArray SetStreamerFunc
class gled::ZLink<gled::SaturnObserver> ver=::gled::ZLink<gled::SaturnObserver>::Class_Version() SetDelete SetDeleteArray SetDestructor SetNew SetNewArray SetStreamerFunc
class gled::ZLink<gled::Scene> ver=::gled::ZLink<gled::Scene>::Class_Version() SetDelete SetDeleteArray SetDestructor SetNew SetNewArray SetStreamerFunc
class gled::ZLink<gled::ScreenDumper> ver=::gled::ZLink<gled::ScreenDumper>::Class_Version() SetDelete SetDeleteArray SetDestructor SetNew SetNewArray SetStreamerFunc
class gled::ZLink<gled::ScreenText> ver=::gled::ZLink<gled::ScreenText>::Class_Version() SetDelete SetDeleteArray SetDestructor SetNew SetNewArray SetStreamerFunc
class gled::ZLink<gled::ShellInfo> ver=::gled::ZLink<gled::ShellInfo>::Class_Version() SetDelete SetDeleteArray SetDestructor SetNew SetNewArray SetStreamerFunc
class gled::ZLink<gled::SigTestOperator> ver=::gled::ZLink<gled::SigTestOperator>::Class_Version() SetDelete SetDeleteArray SetDestructor SetNew SetNewArray SetStreamerFunc
class gled::ZLink<gled::Sleeper> ver=::gled::ZLink<gled::Sleeper>::Class_Version() SetDelete SetDeleteArray SetDestructor SetNew SetNewArray SetStreamerFunc
class gled::ZLink<gled::SolarSystem> ver=::gled::ZLink<gled::SolarSystem>::Class_Version() SetDelete SetDeleteArray SetDestructor SetNew SetNewArray SetStreamerFunc
class gled::ZLink<gled::Sphere> ver=::gled::ZLink<gled::Sphere>::Class_Version() SetDelete SetDeleteArray SetDestructor SetNew SetNewArray SetStreamerFunc
class gled::ZLink<gled::Spheror> ver=::gled::ZLink<gled::Spheror>::Class_Version() SetDelete SetDeleteArray SetDestructor SetNew SetNewArray SetStreamerFunc
class gled::ZLink<gled::Spiritio> ver=::gled::ZLink<gled::Spiritio>::Class_Version() SetDelete SetDeleteArray SetDestructor SetNew SetNewArray SetStreamerFunc
class gled::ZLink<gled::Statico> ver=::gled::ZLink<gled::Statico>::Class_Version() SetDelete SetDeleteArray SetDestructor SetNew SetNewArray SetStreamerFunc
class gled::ZLink<gled::SubShellInfo> ver=::gled::ZLink<gled::SubShellInfo>::Class_Version() SetDelete SetDeleteArray SetDestructor SetNew SetNewArray SetStreamerFunc
class gled::ZLink<gled::TSPupilInfo> ver=::gled::ZLink<gled::TSPupilInfo>::Class_Version() SetDelete SetDeleteArray SetDestructor SetNew SetNewArray SetStreamerFunc
class gled::ZLink<gled::Text> ver=::gled::ZLink<gled::Text>::Class_Version() SetDelete SetDeleteArray SetDestructor SetNew SetNewArray SetStreamerFunc
class gled::ZLink<gled::TimeMaker> ver=::gled::ZLink<gled::TimeMaker>::Class_Version() SetDelete SetDeleteArray SetDestructor SetNew SetNewArray SetStreamerFunc
class gled::ZLink<gled::TimeScreenText> ver=::gled::ZLink<gled::TimeScreenText>::Class_Version() SetDelete SetDeleteArray SetDestructor SetNew SetNewArray SetStreamerFunc
class gled::ZLink<gled::TriMesh> ver=::gled::ZLink<gled::TriMesh>::Class_Version() SetDelete SetDeleteArray SetDestructor SetNew SetNewArray SetStreamerFunc
class gled::ZLink<gled::TriMeshField> ver=::gled::ZLink<gled::TriMeshField>::Class_Version() SetDelete SetDeleteArray SetDestructor SetNew SetNewArray SetStreamerFunc
class gled::ZLink<gled::TriMeshLightField> ver=::gled::ZLink<gled::TriMeshLightField>::Class_Version() SetDelete SetDeleteArray SetDestructor SetNew SetNewArray SetStreamerFunc
class gled::ZLink<gled::TringuCam> ver=::gled::ZLink<gled::TringuCam>::Class_Version() SetDelete SetDeleteArray SetDestructor SetNew SetNewArray SetStreamerFunc
class gled::ZLink<gled::TringuObserver> ver=::gled::ZLink<gled::TringuObserver>::Class_Version() SetDelete SetDeleteArray SetDestructor SetNew SetNewArray SetStreamerFunc
class gled::ZLink<gled::TringuObserverSpiritio> ver=::gled::ZLink<gled::TringuObserverSpiritio>::Class_Version() SetDelete SetDeleteArray SetDestructor SetNew SetNewArray SetStreamerFunc
class gled::ZLink<gled::TringuRep> ver=::gled::ZLink<gled::TringuRep>::Class_Version() SetDelete SetDeleteArray SetDestructor SetNew SetNewArray SetStreamerFunc
class gled::ZLink<gled::Tringula> ver=::gled::ZLink<gled::Tringula>::Class_Version() SetDelete SetDeleteArray SetDestructor SetNew SetNewArray SetStreamerFunc
class gled::ZLink<gled::TringulaTester> ver=::gled::ZLink<gled::TringulaTester>::Class_Version() SetDelete SetDeleteArray SetDestructor SetNew SetNewArray SetStreamerFunc
class gled::ZLink<gled::WGlButton> ver=::gled::ZLink<gled::WGlButton>::Class_Version() SetDelete SetDeleteArray SetDestructor SetNew SetNewArray SetStreamerFunc
class gled::ZLink<gled::WGlDirectory> ver=::gled::ZLink<gled::WGlDirectory>::Class_Version() SetDelete SetDeleteArray SetDestructor SetNew SetNewArray SetStreamerFunc
class gled::ZLink<gled::WGlFrameStyle> ver=::gled::ZLink<gled::WGlFrameStyle>::Class_Version() SetDelete SetDeleteArray SetDestructor SetNew SetNewArray SetStreamerFunc
class gled::ZLink<gled::WGlValuator> ver=::gled::ZLink<gled::WGlValuator>::Class_Version() SetDelete SetDeleteArray SetDestructor SetNew SetNewArray SetStreamerFunc
class gled::ZLink<gled::WGlWidget> ver=::gled::ZLink<gled::WGlWidget>::Class_Version() SetDelete SetDeleteArray SetDestructor SetNew SetNewArray SetStreamerFunc
class gled::ZLink<gled::WSPoint> ver=::gled::ZLink<gled::WSPoint>::Class_Version() SetDelete SetDeleteArray SetDestructor SetNew SetNewArray SetStreamerFunc
class gled::ZLink<gled::WSSeed> ver=::gled::ZLink<gled::WSSeed>::Class_Version() SetDelete SetDeleteArray SetDestructor SetNew SetNewArray SetStreamerFunc
class gled::ZLink<gled::WSTube> ver=::gled::ZLink<gled::WSTube>::Class_Version() SetDelete SetDeleteArray SetDestructor SetNew SetNewArray SetStreamerFunc
class gled::ZLink<gled::WSWalker> ver=::gled::ZLink<gled::WSWalker>::Class_Version() SetDelete SetDeleteArray SetDestructor SetNew SetNewArray SetStreamerFunc
class gled::ZLink<gled::WarmAmoeba> ver=::gled::ZLink<gled::WarmAmoeba>::Class_Version() SetDelete SetDeleteArray SetDestructor SetNew SetNewArray SetStreamerFunc
class gled::ZLink<gled::ZCometBag> ver=::gled::ZLink<gled::ZCometBag>::Class_Version() SetDelete SetDeleteArray SetDestructor SetNew SetNewArray SetStreamerFunc
class gled::ZLink<gled::ZDeque> ver=::gled::ZLink<gled::ZDeque>::Class_Version() SetDelete SetDeleteArray SetDestructor SetNew SetNewArray SetStreamerFunc
class gled::ZLink<gled::ZEunuch> ver=::gled::ZLink<gled::ZEunuch>::Class_Version() SetDelete SetDeleteArray SetDestructor SetNew SetNewArray SetStreamerFunc
class gled::ZLink<gled::ZFilterAggregator> ver=::gled::ZLink<gled::ZFilterAggregator>::Class_Version() SetDelete SetDeleteArray SetDestructor SetNew SetNewArray SetStreamerFunc
class gled::ZLink<gled::ZFireKing> ver=::gled::ZLink<gled::ZFireKing>::Class_Version() SetDelete SetDeleteArray SetDestructor SetNew SetNewArray SetStreamerFunc
class gled::ZLink<gled::ZFireQueen> ver=::gled::ZLink<gled::ZFireQueen>::Class_Version() SetDelete SetDeleteArray SetDestructor SetNew SetNewArray SetStreamerFunc
class gled::ZLink<gled::ZGlBlending> ver=::gled::ZLink<gled::ZGlBlending>::Class_Version() SetDelete SetDeleteArray SetDestructor SetNew SetNewArray SetStreamerFunc
class gled::ZLink<gled::ZGlClipPlane> ver=::gled::ZLink<gled::ZGlClipPlane>::Class_Version() SetDelete SetDeleteArray SetDestructor SetNew SetNewArray SetStreamerFunc
class gled::ZLink<gled::ZGlColorFader> ver=::gled::ZLink<gled::ZGlColorFader>::Class_Version() SetDelete SetDeleteArray SetDestructor SetNew SetNewArray SetStreamerFunc
class gled::ZLink<gled::ZGlLightModel> ver=::gled::ZLink<gled::ZGlLightModel>::Class_Version() SetDelete SetDeleteArray SetDestructor SetNew SetNewArray SetStreamerFunc
class gled::ZLink<gled::ZGlMaterial> ver=::gled::ZLink<gled::ZGlMaterial>::Class_Version() SetDelete SetDeleteArray SetDestructor SetNew SetNewArray SetStreamerFunc
class gled::ZLink<gled::ZGlPerspective> ver=::gled::ZLink<gled::ZGlPerspective>::Class_Version() SetDelete SetDeleteArray SetDestructor SetNew SetNewArray SetStreamerFunc
class gled::ZLink<gled::ZGlProgram> ver=::gled::ZLink<gled::ZGlProgram>::Class_Version() SetDelete SetDeleteArray SetDestructor SetNew SetNewArray SetStreamerFunc
class gled::ZLink<gled::ZGlShader> ver=::gled::ZLink<gled::ZGlShader>::Class_Version() SetDelete SetDeleteArray SetDestructor SetNew SetNewArray SetStreamerFunc
class gled::ZLink<gled::ZGlass> ver=::gled::ZLink<gled::ZGlass>::Class_Version() SetDelete SetDeleteArray SetDestructor SetNew SetNewArray SetStreamerFunc
class gled::ZLink<gled::ZGod> ver=::gled::ZLink<gled::ZGod>::Class_Version() SetDelete SetDeleteArray SetDestructor SetNew SetNewArray SetStreamerFunc
class gled::ZLink<gled::ZGroupIdentity> ver=::gled::ZLink<gled::ZGroupIdentity>::Class_Version() SetDelete SetDeleteArray SetDestructor SetNew SetNewArray SetStreamerFunc
class gled::ZLink<gled::ZHashList> ver=::gled::ZLink<gled::ZHashList>::Class_Version() SetDelete SetDeleteArray SetDestructor SetNew SetNewArray SetStreamerFunc
class gled::ZLink<gled::ZIdentity> ver=::gled::ZLink<gled::ZIdentity>::Class_Version() SetDelete SetDeleteArray SetDestructor SetNew SetNewArray SetStreamerFunc
class gled::ZLink<gled::ZIdentityFilter> ver=::gled::ZLink<gled::ZIdentityFilter>::Class_Version() SetDelete SetDeleteArray SetDestructor SetNew SetNewArray SetStreamerFunc
class gled::ZLink<gled::ZIdentityListFilter> ver=::gled::ZLink<gled::ZIdentityListFilter>::Class_Version() SetDelete SetDeleteArray SetDestructor SetNew SetNewArray SetStreamerFunc
class gled::ZLink<gled::ZImage> ver=::gled::ZLink<gled::ZImage>::Class_Version() SetDelete SetDeleteArray SetDestructor SetNew SetNewArray SetStreamerFunc
class gled::ZLink<gled::ZKing> ver=::gled::ZLink<gled::ZKing>::Class_Version() SetDelete SetDeleteArray SetDestructor SetNew SetNewArray SetStreamerFunc
class gled::ZLink<gled::ZList> ver=::gled::ZLink<gled::ZList>::Class_Version() SetDelete SetDeleteArray SetDestructor SetNew SetNewArray SetStreamerFunc
class gled::ZLink<gled::ZLog> ver=::gled::ZLink<gled::ZLog>::Class_Version() SetDelete SetDeleteArray SetDestructor SetNew SetNewArray SetStreamerFunc
class gled::ZLink<gled::ZMEESelfFilter> ver=::gled::ZLink<gled::ZMEESelfFilter>::Class_Version() SetDelete SetDeleteArray SetDestructor SetNew SetNewArray SetStreamerFunc
class gled::ZLink<gled::ZMethodTagPreFilter> ver=::gled::ZLink<gled::ZMethodTagPreFilter>::Class_Version() SetDelete SetDeleteArray SetDestructor SetNew SetNewArray SetStreamerFunc
class gled::ZLink<gled::ZMirEmittingEntity> ver=::gled::ZLink<gled::ZMirEmittingEntity>::Class_Version() SetDelete SetDeleteArray SetDestructor SetNew SetNewArray SetStreamerFunc
class gled::ZLink<gled::ZMirFilter> ver=::gled::ZLink<gled::ZMirFilter>::Class_Version() SetDelete SetDeleteArray SetDestructor SetNew SetNewArray SetStreamerFunc
class gled::ZLink<gled::ZNameMap> ver=::gled::ZLink<gled::ZNameMap>::Class_Version() SetDelete SetDeleteArray SetDestructor SetNew SetNewArray SetStreamerFunc
class gled::ZLink<gled::ZNode> ver=::gled::ZLink<gled::ZNode>::Class_Version() SetDelete SetDeleteArray SetDestructor SetNew SetNewArray SetStreamerFunc
class gled::ZLink<gled::ZNodeLink> ver=::gled::ZLink<gled::ZNodeLink>::Class_Version() SetDelete SetDeleteArray SetDestructor SetNew SetNewArray SetStreamerFunc
class gled::ZLink<gled::ZQueen> ver=::gled::ZLink<gled::ZQueen>::Class_Version() SetDelete SetDeleteArray SetDestructor SetNew SetNewArray SetStreamerFunc
class gled::ZLink<gled::ZRlFont> ver=::gled::ZLink<gled::ZRlFont>::Class_Version() SetDelete SetDeleteArray SetDestructor SetNew SetNewArray SetStreamerFunc
class gled::ZLink<gled::ZRlNameStack> ver=::gled::ZLink<gled::ZRlNameStack>::Class_Version() SetDelete SetDeleteArray SetDestructor SetNew SetNewArray SetStreamerFunc
class gled::ZLink<gled::ZRlNodeMarkup> ver=::gled::ZLink<gled::ZRlNodeMarkup>::Class_Version() SetDelete SetDeleteArray SetDestructor SetNew SetNewArray SetStreamerFunc
class gled::ZLink<gled::ZRnrModBase> ver=::gled::ZLink<gled::ZRnrModBase>::Class_Version() SetDelete SetDeleteArray SetDestructor SetNew SetNewArray SetStreamerFunc
class gled::ZLink<gled::ZRnrModList> ver=::gled::ZLink<gled::ZRnrModList>::Class_Version() SetDelete SetDeleteArray SetDestructor SetNew SetNewArray SetStreamerFunc
class gled::ZLink<gled::ZStringMap> ver=::gled::ZLink<gled::ZStringMap>::Class_Version() SetDelete SetDeleteArray SetDestructor SetNew SetNewArray SetStreamerFunc
class gled::ZLink<gled::ZSubTree> ver=::gled::ZLink<gled::ZSubTree>::Class_Version() SetDelete SetDeleteArray SetDestructor SetNew SetNewArray SetStreamerFunc
class gled::ZLink<gled::ZSunQueen> ver=::gled::ZLink<gled::ZSunQueen>::Class_Version() SetDelete SetDeleteArray SetDestructor SetNew SetNewArray SetStreamerFunc
class gled::ZLink<gled::ZVector> ver=::gled::ZLink<gled::ZVector>::Class_Version() SetDelete SetDeleteArray SetDestructor SetNew SetNewArray SetStreamerFunc
class gled::ZLinkBase ver=::gled::ZLinkBase::Class_Version() SetDelete SetDeleteArray SetDestructor SetNew SetNewArray SetStreamerFunc
class gled::ZList ver=::gled::ZList::Class_Version() SetDelete SetDeleteArray SetDestructor SetNew SetNewArray SetStreamerFunc
class gled::ZLog ver=::gled::ZLog::Class_Version() SetDelete SetDeleteArray SetDestructor SetNew SetNewArray
class gled::ZMEESelfFilter ver=::gled::ZMEESelfFilter::Class_Version() SetDelete SetDeleteArray SetDestructor SetNew SetNewArray
class gled::ZMIR ver=::gled::ZMIR::Class_Version() SetDelete SetDeleteArray SetDestructor SetNew SetNewArray
class gled::ZMIR_Result_Report ver=::gled::ZMIR_Result_Report::Class_Version() SetDelete SetDeleteArray SetDestructor SetNew SetNewArray SetStreamerFunc
class gled::ZMethodTagPreFilter ver=::gled::ZMethodTagPreFilter::Class_Version() SetDelete SetDeleteArray SetDestructor SetNew SetNewArray
class gled::ZMirEmittingEntity ver=::gled::ZMirEmittingEntity::Class_Version() SetDelete SetDeleteArray SetDestructor
class gled::ZMirFilter ver=::gled::ZMirFilter::Class_Version() SetDelete SetDeleteArray SetDestructor SetNew SetNewArray
class gled::ZNameMap ver=::gled::ZNameMap::Class_Version() SetDelete SetDeleteArray SetDestructor SetNew SetNewArray
class gled::ZNode ver=::gled::ZNode::Class_Version() SetDelete SetDeleteArray SetDestructor SetNew SetNewArray
class gled::ZNodeLink ver=::gled::ZNodeLink::Class_Version() SetDelete SetDeleteArray SetDestructor SetNew SetNewArray
class gled::ZPoint ver=::gled::ZPoint::Class_Version() SetDelete SetDeleteArray SetDestructor SetNew SetNewArray
class gled::ZQueen ver=::gled::ZQueen::Class_Version() SetDelete SetDeleteArray SetDestructor SetNew SetNewArray
class gled::ZQueen::LensDetails ver="Glasses/ZQueen.h" SetDelete SetDeleteArray SetDestructor
class gled::ZRlFont ver=::gled::ZRlFont::Class_Version() SetDelete SetDeleteArray SetDestructor SetNew SetNewArray
class gled::ZRlNameStack ver=::gled::ZRlNameStack::Class_Version() SetDelete SetDeleteArray SetDestructor SetNew SetNewArray
class gled::ZRlNodeMarkup ver=::gled::ZRlNodeMarkup::Class_Version() SetDelete SetDeleteArray SetDestructor SetNew SetNewArray
class gled::ZRnrModBase ver=::gled::ZRnrModBase::Class_Version() SetDelete SetDeleteArray SetDestructor SetNew SetNewArray
class gled::ZRnrModList ver=::gled::ZRnrModList::Class_Version() SetDelete SetDeleteArray SetDestructor SetNew SetNewArray
class gled::ZStringMap ver=::gled::ZStringMap::Class_Version() SetDelete SetDeleteArray SetDestructor SetNew SetNewArray SetStreamerFunc
class gled::ZSubTree ver=::gled::ZSubTree::Class_Version() SetDelete SetDeleteArray SetDestructor SetNew SetNewArray
class gled::ZSunQueen ver=::gled::ZSunQueen::Class_Version() SetDelete SetDeleteArray SetDestructor SetNew SetNewArray
class gled::ZTrans ver=::gled::ZTrans::Class_Version() SetDelete SetDeleteArray SetDestructor SetNew SetNewArray
class gled::ZVector ver=::gled::ZVector::Class_Version() SetDelete SetDeleteArray SetDestructor SetNew SetNewArray SetStreamerFunc
class list<gled::Amphitheatre::Chair> ver=-2 AdoptCollectionProxyInfo SetDelete SetDeleteArray SetDestructor SetNew SetNewArray
class list<gled::WSTube::Traveler> ver=-2 AdoptCollectionProxyInfo SetDelete SetDeleteArray SetDestructor SetNew SetNewArray
class list<gled::ZGlass*> ver=-2 AdoptCollectionProxyInfo SetDelete SetDeleteArray SetDestructor SetNew SetNewArray
class list<unsigned int> ver=-2 AdoptCollectionProxyInfo SetDelete SetDeleteArray SetDestructor SetNew SetNewArray
class map<TString,gled::ZGlass*> ver=-2 AdoptCollectionProxyInfo SetDelete SetDeleteArray SetDestructor SetNew SetNewArray
class map<int,gled::TringuCam::KeyInfo*> ver=-2 AdoptCollectionProxyInfo SetDelete SetDeleteArray SetDestructor SetNew SetNewArray
class map<unsigned int,gled::ZGlass*> ver=-2 AdoptCollectionProxyInfo SetDelete SetDeleteArray SetDestructor SetNew SetNewArray
class set<TString> ver=-2 AdoptCollectionProxyInfo SetDelete SetDeleteArray SetDestructor SetNew SetNewArray
class set<unsigned short> ver=-2 AdoptCollectionProxyInfo SetDelete SetDeleteArray SetDestructor SetNew SetNewArray
class vector<double> ver=-2 AdoptCollectionProxyInfo SetDelete SetDeleteArray SetDestructor SetNew SetNewArray
class vector<float> ver=-2 AdoptCollectionProxyInfo SetDelete SetDeleteArray SetDestructor SetNew SetNewArray
class vector<gled::EyeInfo*> ver=-2 AdoptCollectionProxyInfo SetDelete SetDeleteArray SetDestructor SetNew SetNewArray
class vector<gled::ZColorMark> ver=-2 AdoptCollectionProxyInfo SetDelete SetDeleteArray SetDestructor SetNew SetNewArray
class vector<gled::ZGlass*> ver=-2 AdoptCollectionProxyInfo SetDelete SetDeleteArray SetDestructor SetNew SetNewArray
class vector<int> ver=-2 AdoptCollectionProxyInfo SetDelete SetDeleteArray SetDestructor SetNew SetNewArray
class vector<unsigned char> ver=-2 AdoptCollectionProxyInfo SetDelete SetDeleteArray SetDestructor SetNew SetNewArray
hdrname gled::AList
hdrname gled::AList::ElRep
hdrname gled::Airplane
hdrname gled::AlBuffer
hdrname gled::AlContext
hdrname gled::AlListener
hdrname gled::AlSource
hdrname gled::Amphitheatre
hdrname gled::An_ID_Demangler
hdrname gled::Board
hdrname gled::Box
hdrname gled::Camera
hdrname gled::CameraInfo
hdrname gled::Chopper
hdrname gled::CosmicBall
hdrname gled::Crawler
hdrname gled::CrawlerSpiritio
hdrname gled::Cylinder
hdrname gled::Dynamico
hdrname gled::Eventor
hdrname gled::Exc_t
hdrname gled::Explosion
hdrname gled::Extendio
hdrname gled::ExtendioExplosion
hdrname gled::ExtendioSpiritio
hdrname gled::EyeInfo
hdrname gled::EyeInfoVector
hdrname gled::FID_t
hdrname gled::FMID_t
hdrname gled::Flyer
hdrname gled::FormulaMover
hdrname gled::GCondition
hdrname gled::GForger
hdrname gled::GForm
hdrname gled::GKeyRSA
hdrname gled::GLTesterOne
hdrname gled::GLensReadHolder
hdrname gled::GLensWriteHolder
hdrname gled::GMutex
hdrname gled::GMutexAntiHolder
hdrname gled::GMutexHolder
hdrname gled::GMutexHolderBase
hdrname gled::GSelector
hdrname gled::GSpinLock
hdrname gled::GTSIsoMaker
hdrname gled::GTSIsoMakerFunctor
hdrname gled::GTSRetriangulator
hdrname gled::GTSTorus
hdrname gled::GTSurf
hdrname gled::GThread
hdrname gled::GTime
hdrname gled::Gled
hdrname gled::Gled::theOne
hdrname gled::GledMonitor
hdrname gled::GlobalLamps
hdrname gled::GravData
hdrname gled::GravPlotter
hdrname gled::GuiPupilInfo
hdrname gled::HPoint<Double_t>
hdrname gled::HPoint<Float_t>
hdrname gled::HPoint<double>
hdrname gled::HPoint<float>
hdrname gled::HPointD
hdrname gled::HPointF
hdrname gled::HTrans<Double_t>
hdrname gled::HTrans<Float_t>
hdrname gled::HTrans<double>
hdrname gled::HTrans<float>
hdrname gled::HTransD
hdrname gled::HTransF
hdrname gled::HTriMesh
hdrname gled::KeyHandling::KeyInfo
hdrname gled::Lamp
hdrname gled::LampLink
hdrname gled::LandMark
hdrname gled::LaserTraceExplosion
hdrname gled::LegendreCoefs
hdrname gled::LocalMover
hdrname gled::MD2Object
hdrname gled::MIR_Priest
hdrname gled::MetaSubViewInfo
hdrname gled::MetaViewInfo
hdrname gled::MetaWeedInfo
hdrname gled::Moonraker
hdrname gled::Mountain
hdrname gled::Mover
hdrname gled::MultiBoard
hdrname gled::MultiSpheror
hdrname gled::NestInfo
hdrname gled::ODECrawler
hdrname gled::ODECrawlerMaster
hdrname gled::ODEStorage
hdrname gled::ODEStorageD
hdrname gled::ODEStorageF
hdrname gled::ODEStorageT<Double_t>
hdrname gled::ODEStorageT<Float_t>
hdrname gled::ODEStorageT<double>
hdrname gled::ODEStorageT<float>
hdrname gled::Operator
hdrname gled::PSMark
hdrname gled::PSRectangle
hdrname gled::PSSphere
hdrname gled::PSTorus
hdrname gled::PSTriangle
hdrname gled::ParaSurf
hdrname gled::PerfMeterOperator
hdrname gled::PerfMeterTarget
hdrname gled::PipeEventor
hdrname gled::Planetes
hdrname gled::PupilInfo
hdrname gled::RGBAPalette
hdrname gled::Rect
hdrname gled::RectTerrain
hdrname gled::RelParticle
hdrname gled::RndSMorphCreator
hdrname gled::SDesireVar<Double_t>
hdrname gled::SDesireVar<Float_t>
hdrname gled::SDesireVar<double>
hdrname gled::SDesireVar<float>
hdrname gled::SDesireVarD
hdrname gled::SDesireVarF
hdrname gled::SEvTaskState
hdrname gled::SExpDesireVar<Double_t>
hdrname gled::SExpDesireVar<Float_t>
hdrname gled::SExpDesireVar<double>
hdrname gled::SExpDesireVar<float>
hdrname gled::SExpDesireVarD
hdrname gled::SExpDesireVarF
hdrname gled::SGlUniform
hdrname gled::SGridStepper
hdrname gled::SInertVar<Double_t>
hdrname gled::SInertVar<Float_t>
hdrname gled::SInertVar<double>
hdrname gled::SInertVar<float>
hdrname gled::SInertVarD
hdrname gled::SInertVarF
hdrname gled::SMessage
hdrname gled::SMinMaxVar<Double_t>
hdrname gled::SMinMaxVar<Float_t>
hdrname gled::SMinMaxVar<double>
hdrname gled::SMinMaxVar<float>
hdrname gled::SMinMaxVarD
hdrname gled::SMinMaxVarF
hdrname gled::SMorph
hdrname gled::SRange
hdrname gled::SRefCounted
hdrname gled::SRefCountedNV
hdrname gled::SServerSocket
hdrname gled::SSocket
hdrname gled::Saturn
hdrname gled::SaturnInfo
hdrname gled::SaturnObserver
hdrname gled::Scene
hdrname gled::ScreenDumper
hdrname gled::ScreenText
hdrname gled::ShellInfo
hdrname gled::SigTestOperator
hdrname gled::Sleeper
hdrname gled::SolarSystem
hdrname gled::Sphere
hdrname gled::Spheror
hdrname gled::Spiritio
hdrname gled::Statico
hdrname gled::SubShellInfo
hdrname gled::TRootXTReq
hdrname gled::TSPupilInfo
hdrname gled::Text
hdrname gled::TimeMaker
hdrname gled::TimeMakerClient
hdrname gled::TimeScreenText
hdrname gled::TriMesh
hdrname gled::TriMeshColorArraySource
hdrname gled::TriMeshField
hdrname gled::TriMeshLightField
hdrname gled::TringTvor
hdrname gled::TringuCam
hdrname gled::TringuObserver
hdrname gled::TringuObserverSpiritio
hdrname gled::TringuRep
hdrname gled::Tringula
hdrname gled::TringulaTester
hdrname gled::TubeTvor
hdrname gled::VelocityVar
hdrname gled::WGlButton
hdrname gled::WGlDirectory
hdrname gled::WGlFrameStyle
hdrname gled::WGlValuator
hdrname gled::WGlWidget
hdrname gled::WSPoint
hdrname gled::WSSeed
hdrname gled::WSTube
hdrname gled::WSTube::Traveler
hdrname gled::WSWalker
hdrname gled::WarmAmoeba
hdrname gled::WarmAmoebaMaster
hdrname gled::XTReqCanvas
hdrname gled::ZColor
hdrname gled::ZColorMark
hdrname gled::ZComet
hdrname gled::ZCometBag
hdrname gled::ZDeque
hdrname gled::ZEunuch
hdrname gled::ZFilterAggregator
hdrname gled::ZFireKing
hdrname gled::ZFireQueen
hdrname gled::ZGlBlending
hdrname gled::ZGlClipPlane
hdrname gled::ZGlColorFader
hdrname gled::ZGlLightModel
hdrname gled::ZGlMaterial
hdrname gled::ZGlPerspective
hdrname gled::ZGlProgram
hdrname gled::ZGlShader
hdrname gled::ZGlass
hdrname gled::ZGlass::NameChangeCB
hdrname gled::ZGlass::RayAbsorber
hdrname gled::ZGod
hdrname gled::ZGroupIdentity
hdrname gled::ZHashList
hdrname gled::ZHisto
hdrname gled::ZHistoDir
hdrname gled::ZHistoGroup
hdrname gled::ZHistoManager
hdrname gled::ZIdentity
hdrname gled::ZIdentityFilter
hdrname gled::ZIdentityListFilter
hdrname gled::ZImage
hdrname gled::ZKing
hdrname gled::ZLink<gled::AList>
hdrname gled::ZLink<gled::Airplane>
hdrname gled::ZLink<gled::AlBuffer>
hdrname gled::ZLink<gled::AlContext>
hdrname gled::ZLink<gled::AlListener>
hdrname gled::ZLink<gled::AlSource>
hdrname gled::ZLink<gled::Amphitheatre>
hdrname gled::ZLink<gled::Board>
hdrname gled::ZLink<gled::Box>
hdrname gled::ZLink<gled::Camera>
hdrname gled::ZLink<gled::CameraInfo>
hdrname gled::ZLink<gled::Chopper>
hdrname gled::ZLink<gled::CosmicBall>
hdrname gled::ZLink<gled::Crawler>
hdrname gled::ZLink<gled::CrawlerSpiritio>
hdrname gled::ZLink<gled::Cylinder>
hdrname gled::ZLink<gled::Dynamico>
hdrname gled::ZLink<gled::Eventor>
hdrname gled::ZLink<gled::Explosion>
hdrname gled::ZLink<gled::Extendio>
hdrname gled::ZLink<gled::ExtendioExplosion>
hdrname gled::ZLink<gled::ExtendioSpiritio>
hdrname gled::ZLink<gled::EyeInfo>
hdrname gled::ZLink<gled::Flyer>
hdrname gled::ZLink<gled::FormulaMover>
hdrname gled::ZLink<gled::GForger>
hdrname gled::ZLink<gled::GLTesterOne>
hdrname gled::ZLink<gled::GTSIsoMaker>
hdrname gled::ZLink<gled::GTSRetriangulator>
hdrname gled::ZLink<gled::GTSTorus>
hdrname gled::ZLink<gled::GTSurf>
hdrname gled::ZLink<gled::GledMonitor>
hdrname gled::ZLink<gled::GlobalLamps>
hdrname gled::ZLink<gled::GuiPupilInfo>
hdrname gled::ZLink<gled::HTriMesh>
hdrname gled::ZLink<gled::Lamp>
hdrname gled::ZLink<gled::LampLink>
hdrname gled::ZLink<gled::LandMark>
hdrname gled::ZLink<gled::LaserTraceExplosion>
hdrname gled::ZLink<gled::LegendreCoefs>
hdrname gled::ZLink<gled::LocalMover>
hdrname gled::ZLink<gled::MD2Object>
hdrname gled::ZLink<gled::MetaSubViewInfo>
hdrname gled::ZLink<gled::MetaViewInfo>
hdrname gled::ZLink<gled::MetaWeedInfo>
hdrname gled::ZLink<gled::Moonraker>
hdrname gled::ZLink<gled::Mover>
hdrname gled::ZLink<gled::MultiBoard>
hdrname gled::ZLink<gled::MultiSpheror>
hdrname gled::ZLink<gled::NestInfo>
hdrname gled::ZLink<gled::ODECrawler>
hdrname gled::ZLink<gled::Operator>
hdrname gled::ZLink<gled::PSMark>
hdrname gled::ZLink<gled::PSRectangle>
hdrname gled::ZLink<gled::PSSphere>
hdrname gled::ZLink<gled::PSTorus>
hdrname gled::ZLink<gled::PSTriangle>
hdrname gled::ZLink<gled::ParaSurf>
hdrname gled::ZLink<gled::PerfMeterOperator>
hdrname gled::ZLink<gled::PerfMeterTarget>
hdrname gled::ZLink<gled::PipeEventor>
hdrname gled::ZLink<gled::Planetes>
hdrname gled::ZLink<gled::PupilInfo>
hdrname gled::ZLink<gled::RGBAPalette>
hdrname gled::ZLink<gled::Rect>
hdrname gled::ZLink<gled::RectTerrain>
hdrname gled::ZLink<gled::RelParticle>
hdrname gled::ZLink<gled::RndSMorphCreator>
hdrname gled::ZLink<gled::SMorph>
hdrname gled::ZLink<gled::SaturnInfo>
hdrname gled::ZLink<gled::SaturnObserver>
hdrname gled::ZLink<gled::Scene>
hdrname gled::ZLink<gled::ScreenDumper>
hdrname gled::ZLink<gled::ScreenText>
hdrname gled::ZLink<gled::ShellInfo>
hdrname gled::ZLink<gled::SigTestOperator>
hdrname gled::ZLink<gled::Sleeper>
hdrname gled::ZLink<gled::SolarSystem>
hdrname gled::ZLink<gled::Sphere>
hdrname gled::ZLink<gled::Spheror>
hdrname gled::ZLink<gled::Spiritio>
hdrname gled::ZLink<gled::Statico>
hdrname gled::ZLink<gled::SubShellInfo>
hdrname gled::ZLink<gled::TSPupilInfo>
hdrname gled::ZLink<gled::Text>
hdrname gled::ZLink<gled::TimeMaker>
hdrname gled::ZLink<gled::TimeScreenText>
hdrname gled::ZLink<gled::TriMesh>
hdrname gled::ZLink<gled::TriMeshField>
hdrname gled::ZLink<gled::TriMeshLightField>
hdrname gled::ZLink<gled::TringuCam>
hdrname gled::ZLink<gled::TringuObserver>
hdrname gled::ZLink<gled::TringuObserverSpiritio>
hdrname gled::ZLink<gled::TringuRep>
hdrname gled::ZLink<gled::Tringula>
hdrname gled::ZLink<gled::TringulaTester>
hdrname gled::ZLink<gled::WGlButton>
hdrname gled::ZLink<gled::WGlDirectory>
hdrname gled::ZLink<gled::WGlFrameStyle>
hdrname gled::ZLink<gled::WGlValuator>
hdrname gled::ZLink<gled::WGlWidget>
hdrname gled::ZLink<gled::WSPoint>
hdrname gled::ZLink<gled::WSSeed>
hdrname gled::ZLink<gled::WSTube>
hdrname gled::ZLink<gled::WSWalker>
hdrname gled::ZLink<gled::WarmAmoeba>
hdrname gled::ZLink<gled::ZCometBag>
hdrname gled::ZLink<gled::ZDeque>
hdrname gled::ZLink<gled::ZEunuch>
hdrname gled::ZLink<gled::ZFilterAggregator>
hdrname gled::ZLink<gled::ZFireKing>
hdrname gled::ZLink<gled::ZFireQueen>
hdrname gled::ZLink<gled::ZGlBlending>
hdrname gled::ZLink<gled::ZGlClipPlane>
hdrname gled::ZLink<gled::ZGlColorFader>
hdrname gled::ZLink<gled::ZGlLightModel>
hdrname gled::ZLink<gled::ZGlMaterial>
hdrname gled::ZLink<gled::ZGlPerspective>
hdrname gled::ZLink<gled::ZGlProgram>
hdrname gled::ZLink<gled::ZGlShader>
hdrname gled::ZLink<gled::ZGlass>
hdrname gled::ZLink<gled::ZGod>
hdrname gled::ZLink<gled::ZGroupIdentity>
hdrname gled::ZLink<gled::ZHashList>
hdrname gled::ZLink<gled::ZIdentity>
hdrname gled::ZLink<gled::ZIdentityFilter>
hdrname gled::ZLink<gled::ZIdentityListFilter>
hdrname gled::ZLink<gled::ZImage>
hdrname gled::ZLink<gled::ZKing>
hdrname gled::ZLink<gled::ZList>
hdrname gled::ZLink<gled::ZLog>
hdrname gled::ZLink<gled::ZMEESelfFilter>
hdrname gled::ZLink<gled::ZMethodTagPreFilter>
hdrname gled::ZLink<gled::ZMirEmittingEntity>
hdrname gled::ZLink<gled::ZMirFilter>
hdrname gled::ZLink<gled::ZNameMap>
hdrname gled::ZLink<gled::ZNode>
hdrname gled::ZLink<gled::ZNodeLink>
hdrname gled::ZLink<gled::ZQueen>
hdrname gled::ZLink<gled::ZRlFont>
hdrname gled::ZLink<gled::ZRlNameStack>
hdrname gled::ZLink<gled::ZRlNodeMarkup>
hdrname gled::ZLink<gled::ZRnrModBase>
hdrname gled::ZLink<gled::ZRnrModList>
hdrname gled::ZLink<gled::ZStringMap>
hdrname gled::ZLink<gled::ZSubTree>
hdrname gled::ZLink<gled::ZSunQueen>
hdrname gled::ZLink<gled::ZVector>
hdrname gled::ZLinkBase
hdrname gled::ZList
hdrname gled::ZLog
hdrname gled::ZMEESelfFilter
hdrname gled::ZMIR
hdrname gled::ZMIR_Result_Report
hdrname gled::ZMethodTagPreFilter
hdrname gled::ZMirEmittingEntity
hdrname gled::ZMirFilter
hdrname gled::ZNameMap
hdrname gled::ZNode
hdrname gled::ZNodeLink
hdrname gled::ZPoint
hdrname gled::ZQueen
hdrname gled::ZQueen::LensDetails
hdrname gled::ZRlFont
hdrname gled::ZRlNameStack
hdrname gled::ZRlNodeMarkup
hdrname gled::ZRnrModBase
hdrname gled::ZRnrModList
hdrname gled::ZStringMap
hdrname gled::ZSubTree
hdrname gled::ZSunQueen
hdrname gled::ZTrans
hdrname gled::ZVector
hdrname gled::lpZGlass_i
hdrname gled::lpZGlass_t
namespace gled::GledNS
namespace gled::KeyHandling
